../Core/Src/main.c:138:6:HandleFrontRadarPulses	32	static
../Core/Src/main.c:171:6:HandleRearRadarPulses	32	static
../Core/Src/main.c:204:6:can_send_sensors	8	static
../Core/Src/main.c:224:6:send_front_beep_distance	8	static
../Core/Src/main.c:236:6:send_front_long_beep_distance	8	static
../Core/Src/main.c:246:6:send_rear_beep_distance	8	static
../Core/Src/main.c:256:6:SendFrontParkingSound	8	static
../Core/Src/main.c:303:6:SendRearParkingSound	8	static
../Core/Src/main.c:351:6:HandleCameraState	16	static
../Core/Src/main.c:365:6:StartRadar	8	static
../Core/Src/main.c:370:6:StopRadar	8	static
../Core/Src/main.c:381:6:HandleRadarState	8	static
../Core/Src/main.c:386:6:StopRightTurn	8	static
../Core/Src/main.c:391:6:HandleRightTurnCountdown	16	static
../Core/Src/main.c:403:6:HandleRightTurn	16	static
../Core/Src/main.c:425:6:StopLeftTurn	8	static
../Core/Src/main.c:430:6:HandleLeftTurnCountdown	16	static
../Core/Src/main.c:443:6:HandleLeftTurn	16	static
../Core/Src/main.c:465:6:HandleRearGear	16	static
../Core/Src/main.c:478:6:HandleFrontSpeed	16	static
../Core/Src/main.c:507:6:HandleParkingButton	8	static
../Core/Src/main.c:547:6:HAL_TIM_IC_CaptureCallback	16	static
../Core/Src/main.c:562:6:HAL_TIM_OC_DelayElapsedCallback	16	static
../Core/Src/main.c:593:6:HAL_CAN_RxFifo1MsgPendingCallback	16	static
../Core/Src/main.c:639:5:main	8	static
../Core/Src/main.c:690:6:SystemClock_Config	72	static
../Core/Src/main.c:730:13:MX_CAN_Init	48	static
../Core/Src/main.c:812:13:MX_TIM2_Init	72	static
../Core/Src/main.c:887:13:MX_TIM3_Init	72	static
../Core/Src/main.c:961:13:MX_TIM4_Init	64	static
../Core/Src/main.c:1032:13:MX_GPIO_Init	40	static
../Core/Src/main.c:1084:6:Error_Handler	4	static,ignoring_inline_asm
